Microchip MPLAB XC8 Compiler V3.10

Linker command line:

-W-3 \
  --edf=C:\Program Files\Microchip\xc8\v3.10\pic\dat\20250813170317_en.msgs \
  -cn -h+dist/default/debug\MPLABXProjects.debug.sym \
  --cmf=dist/default/debug\MPLABXProjects.debug.cmf -z -Q16F1936 \
  -oC:\Users\PROFES~1\AppData\Local\Temp\xcAstt4.0\driver_tmp_3.o \
  --defsym=__MPLAB_BUILD=1 --fixupoverflow=error \
  -Mdist/default/debug/MPLABXProjects.debug.map \
  --md=C:\Users\PROFES~1\AppData\Local\Temp\xcAstt4.0\driver_tmp_0.dat -E1 \
  -ver=XC8 Compiler -ACODE=00h-07FFhx4 -ASTRCODE=00h-01FFFh \
  -ASTRING=00h-0FFhx32 -ACONST=00h-0FFhx32 -AENTRY=00h-0FFhx32 \
  -ACOMMON=070h-07Fh -ABANK0=020h-06Fh -ABANK1=0A0h-0EFh \
  -ABANK2=0120h-016Fh -ABANK3=01A0h-01EFh -ABANK4=0220h-026Fh \
  -ABANK5=02A0h-02EFh -ABIGRAM=02000h-021DFh \
  -ARAM=020h-06Fh,0A0h-0EFh,0120h-016Fh,01A0h-01EFh,0220h-026Fh,02A0h-02EFh \
  -AABS1=020h-07Fh,0A0h-0EFh,0120h-016Fh,01A0h-01EFh,0220h-026Fh,02A0h-02EFh,0320h-032Fh \
  -ASFR0=00h-01Fh -ASFR1=080h-09Fh -ASFR2=0100h-011Fh -ASFR3=0180h-019Fh \
  -ASFR4=0200h-021Fh -ASFR5=0280h-029Fh -ASFR6=0300h-036Fh \
  -ASFR7=0380h-03EFh -ASFR8=0400h-046Fh -ASFR9=0480h-04EFh \
  -ASFR10=0500h-056Fh -ASFR11=0580h-05EFh -ASFR12=0600h-066Fh \
  -ASFR13=0680h-06EFh -ASFR14=0700h-076Fh -ASFR15=0780h-07EFh \
  -ASFR16=0800h-086Fh -ASFR17=0880h-08EFh -ASFR18=0900h-096Fh \
  -ASFR19=0980h-09EFh -ASFR20=0A00h-0A6Fh -ASFR21=0A80h-0AEFh \
  -ASFR22=0B00h-0B6Fh -ASFR23=0B80h-0BEFh -ASFR24=0C00h-0C6Fh \
  -ASFR25=0C80h-0CEFh -ASFR26=0D00h-0D6Fh -ASFR27=0D80h-0DEFh \
  -ASFR28=0E00h-0E6Fh -ASFR29=0E80h-0EEFh -ASFR30=0F00h-0F6Fh \
  -ASFR31=0F80h-0FEFh -ACONFIG=08007h-08008h -DCONFIG=2 \
  -AIDLOC=08000h-08003h -DIDLOC=2 -AEEDATA=00h-0FFh/0F000h \
  -peeprom_data=EEDATA -DEEDATA=2 -DCODE=2 -DSTRCODE=2 -DSTRING=2 -DCONST=2 \
  -DENTRY=2 -preset_vec=00h,intentry=04h,sivt,init,end_init -ppowerup=CODE \
  -pcinit=CODE -pfunctab=ENTRY -k \
  C:\Users\PROFES~1\AppData\Local\Temp\xcAstt4.0\driver_tmp_15.o \
  dist/default/debug\MPLABXProjects.debug.o 

Object code version is 3.11

Machine type is 16F1936



                Name                               Link     Load   Length Selector   Space Scale
C:\Users\PROFES~1\AppData\Local\Temp\xcAstt4.0\driver_tmp_15.o
                end_init                             33       33        2        8       0
                reset_vec                             0        0        3        0       0
                config                             8007     8007        2        0       4
dist/default/debug\MPLABXProjects.debug.o
                cinit                                35       35       12        8       0
                intentry                              4        4       2F        8       0
                config                             8007     8007        2        0       4
                text32                              4B8      4B8        3        8       0
                text31                              3BB      3BB       19        8       0
                text30                              3EC      3EC       18        8       0
                text29                              4B5      4B5        3        8       0
                text28                              4B2      4B2        3        8       0
                text27                              146      146       C9        8       0
                text26                              4BD      4BD        1        8       0
                text25                              45F      45F        F        8       0
                text24                              483      483        9        8       0
                text23                              42E      42E       11        8       0
                text22                              4BC      4BC        1        8       0
                text21                              404      404       16        8       0
                text19                              44F      44F       10        8       0
                text18                              48C      48C        8        8       0
                text17                              4A6      4A6        6        8       0
                text16                              46E      46E        C        8       0
                text15                              4A0      4A0        6        8       0
                text14                              334      334       2B        8       0
                text13                              3A1      3A1       1A        8       0
                text12                              43F      43F       10        8       0
                text11                              49A      49A        6        8       0
                text10                              4AF      4AF        3        8       0
                text9                               47A      47A        9        8       0
                text8                               3D4      3D4       18        8       0
                text7                               4AC      4AC        3        8       0
                text6                               41A      41A       14        8       0
                text5                                47       47       FF        8       0
                text4                               386      386       1B        8       0
                text3                               2CB      2CB       35        8       0
                text2                               35F      35F       27        8       0
                text1                               300      300       34        8       0
                maintext                            20F      20F       BC        8       0
                cstackBANK0                          20       20       1B       20       1
                cstackCOMMON                         70       70        B       70       1
                clrtext                             494      494        6        8       0
                dataBANK0                            54       54        1       20       1
                bssBANK0                             3B       3B       11       20       1
                bssCOMMON                            7B       7B        2       70       1
                nvBANK0                              4C       4C        8       20       1
                idataBANK0                          4BB      4BB        1        8       0

TOTAL           Name                               Link     Load   Length     Space
        CLASS   CODE           
                end_init                             33       33        2         0
                cinit                                35       35       12         0
                intentry                              4        4       2F         0
                reset_vec                             0        0        3         0
                text32                              4B8      4B8        3         0
                text31                              3BB      3BB       19         0
                text30                              3EC      3EC       18         0
                text29                              4B5      4B5        3         0
                text28                              4B2      4B2        3         0
                text27                              146      146       C9         0
                text26                              4BD      4BD        1         0
                text25                              45F      45F        F         0
                text24                              483      483        9         0
                text23                              42E      42E       11         0
                text22                              4BC      4BC        1         0
                text21                              404      404       16         0
                text19                              44F      44F       10         0
                text18                              48C      48C        8         0
                text17                              4A6      4A6        6         0
                text16                              46E      46E        C         0
                text15                              4A0      4A0        6         0
                text14                              334      334       2B         0
                text13                              3A1      3A1       1A         0
                text12                              43F      43F       10         0
                text11                              49A      49A        6         0
                text10                              4AF      4AF        3         0
                text9                               47A      47A        9         0
                text8                               3D4      3D4       18         0
                text7                               4AC      4AC        3         0
                text6                               41A      41A       14         0
                text5                                47       47       FF         0
                text4                               386      386       1B         0
                text3                               2CB      2CB       35         0
                text2                               35F      35F       27         0
                text1                               300      300       34         0
                maintext                            20F      20F       BC         0
                clrtext                             494      494        6         0
                idataBANK0                          4BB      4BB        1         0

        CLASS   STRCODE        

        CLASS   STRING         

        CLASS   CONST          

        CLASS   ENTRY          

        CLASS   COMMON         
                cstackCOMMON                         70       70        B         1
                bssCOMMON                            7B       7B        2         1

        CLASS   BANK0          
                cstackBANK0                          20       20       1B         1
                dataBANK0                            54       54        1         1
                bssBANK0                             3B       3B       11         1
                nvBANK0                              4C       4C        8         1

        CLASS   BANK1          

        CLASS   BANK2          

        CLASS   BANK3          

        CLASS   BANK4          

        CLASS   BANK5          

        CLASS   BIGRAM         

        CLASS   RAM            

        CLASS   ABS1           
                abs_s1                               7E       7E        2         1

        CLASS   SFR0           

        CLASS   SFR1           

        CLASS   SFR2           

        CLASS   SFR3           

        CLASS   SFR4           

        CLASS   SFR5           

        CLASS   SFR6           

        CLASS   SFR7           

        CLASS   SFR8           

        CLASS   SFR9           

        CLASS   SFR10          

        CLASS   SFR11          

        CLASS   SFR12          

        CLASS   SFR13          

        CLASS   SFR14          

        CLASS   SFR15          

        CLASS   SFR16          

        CLASS   SFR17          

        CLASS   SFR18          

        CLASS   SFR19          

        CLASS   SFR20          

        CLASS   SFR21          

        CLASS   SFR22          

        CLASS   SFR23          

        CLASS   SFR24          

        CLASS   SFR25          

        CLASS   SFR26          

        CLASS   SFR27          

        CLASS   SFR28          

        CLASS   SFR29          

        CLASS   SFR30          

        CLASS   SFR31          

        CLASS   CONFIG         
                config                             8007     8007        2         4

        CLASS   IDLOC          

        CLASS   EEDATA         

        CLASS   BANK31         

        CLASS   BANK30         

        CLASS   BANK29         

        CLASS   BANK28         

        CLASS   BANK27         

        CLASS   BANK26         

        CLASS   BANK25         

        CLASS   BANK24         

        CLASS   BANK23         

        CLASS   BANK22         

        CLASS   BANK21         

        CLASS   BANK20         

        CLASS   BANK19         

        CLASS   BANK18         

        CLASS   BANK17         

        CLASS   BANK16         

        CLASS   BANK15         

        CLASS   BANK14         

        CLASS   BANK13         

        CLASS   BANK12         

        CLASS   BANK11         

        CLASS   BANK10         

        CLASS   BANK9          

        CLASS   BANK8          

        CLASS   BANK7          

        CLASS   BANK6          

        CLASS   HEAP           

        CLASS   STACK          



SEGMENTS        Name                           Load    Length   Top    Selector   Space  Class     Delta

                reset_vec                      000000  000003  000003         0       0  CODE        2
                intentry                       000004  0004BA  0004BE         8       0  CODE        2
                cstackBANK0                    000020  000035  000055        20       1  BANK0       1
                cstackCOMMON                   000070  00000D  00007D        70       1  COMMON      1


UNUSED ADDRESS RANGES

        Name                Unused          Largest block    Delta
        BANK0            00055-0006F              1B           1
        BANK1            000A0-000EF              50           1
        BANK2            00120-0016F              50           1
        BANK3            001A0-001EF              50           1
        BANK4            00220-0026F              50           1
        BANK5            002A0-002EF              50           1
        BIGRAM           02000-021DF             1E0           1
        CODE             00003-00003               1           2
                         004BE-01FFF             800
        COMMON           0007D-0007D               1           1
        CONST            00003-00003               1           2
                         004BE-01FFF             100
        EEDATA           0F000-0F0FF             100           2
        ENTRY            00003-00003               1           2
                         004BE-01FFF             100
        IDLOC            08000-08003               4           2
        RAM              00055-0006F              1B           1
                         000A0-000EF              50
                         00120-0016F              50
                         001A0-001EF              50
                         00220-0026F              50
                         002A0-002EF              50
        SFR0             00000-0001F              20           1
        SFR1             00080-0009F              20           1
        SFR10            00500-0056F              70           1
        SFR11            00580-005EF              70           1
        SFR12            00600-0066F              70           1
        SFR13            00680-006EF              70           1
        SFR14            00700-0076F              70           1
        SFR15            00780-007EF              70           1
        SFR16            00800-0086F              70           1
        SFR17            00880-008EF              70           1
        SFR18            00900-0096F              70           1
        SFR19            00980-009EF              70           1
        SFR2             00100-0011F              20           1
        SFR20            00A00-00A6F              70           1
        SFR21            00A80-00AEF              70           1
        SFR22            00B00-00B6F              70           1
        SFR23            00B80-00BEF              70           1
        SFR24            00C00-00C6F              70           1
        SFR25            00C80-00CEF              70           1
        SFR26            00D00-00D6F              70           1
        SFR27            00D80-00DEF              70           1
        SFR28            00E00-00E6F              70           1
        SFR29            00E80-00EEF              70           1
        SFR3             00180-0019F              20           1
        SFR30            00F00-00F6F              70           1
        SFR31            00F80-00FEF              70           1
        SFR4             00200-0021F              20           1
        SFR5             00280-0029F              20           1
        SFR6             00300-0036F              70           1
        SFR7             00380-003EF              70           1
        SFR8             00400-0046F              70           1
        SFR9             00480-004EF              70           1
        STRCODE          00003-00003               1           2
                         004BE-01FFF            1B42
        STRING           00003-00003               1           2
                         004BE-01FFF             100

                                  Symbol Table

?_TMR1_CounterGet                             cstackCOMMON 00070
?_read_adc_rb1                                cstackBANK0  0002D
DATA_IN_SetInterruptHandler@InterruptHandler  cstackBANK0  0002D
INT_SetInterruptHandler@InterruptHandler      cstackBANK0  0002D
TMR1_CounterGet@counterHighByte               cstackCOMMON 00079
TMR1_CounterGet@counterLowByte                cstackCOMMON 0007A
TMR1_CounterGet@counterValue                  cstackCOMMON 00077
TMR1_CounterSet@onState                       cstackBANK0  0002F
TMR1_CounterSet@timerVal                      cstackBANK0  0002D
TMR1_OverflowCallbackRegister@CallbackHandler cstackBANK0  0002D
_ADCON0                                       (abs)        0009D
_ADCON0bits                                   (abs)        0009D
_ADCON1                                       (abs)        0009E
_ADC_ConversionDoneCallback                   bssBANK0     0003F
_ADC_ISR                                      text32       004B8
_ADC_Initialize                               text19       0044F
_ADRESH                                       (abs)        0009C
_ADRESL                                       (abs)        0009B
_ANSELA                                       (abs)        0018C
_ANSELB                                       (abs)        0018D
_BORCON                                       (abs)        00116
_CLOCK_Initialize                             text18       0048C
_DATA_IN_DefaultInterruptHandler              text26       004BD
_DATA_IN_ISR                                  text25       0045F
_DATA_IN_InterruptHandler                     nvBANK0      00050
_DATA_IN_SetInterruptHandler                  text15       004A0
_EEADRL                                       (abs)        00191
_EECON1bits                                   (abs)        00195
_EECON2                                       (abs)        00196
_EEDATL                                       (abs)        00193
_INTCONbits                                   (abs)        0000B
_INTERRUPT_Initialize                         text16       0046E
_INTERRUPT_InterruptManager                   intentry     00004
_INT_DefaultInterruptHandler                  (abs)        00000
_INT_InterruptHandler                         nvBANK0      00052
_INT_SetInterruptHandler                      text17       004A6
_IOCBF                                        (abs)        00396
_IOCBFbits                                    (abs)        00396
_IOCBN                                        (abs)        00395
_IOCBP                                        (abs)        00394
_LATA                                         (abs)        0010C
_LATAbits                                     (abs)        0010C
_LATB                                         (abs)        0010D
_LATC                                         (abs)        0010E
_LATCbits                                     (abs)        0010E
_LATE                                         (abs)        00110
_OPTION_REGbits                               (abs)        00095
_OSCCON                                       (abs)        00099
_OSCTUNE                                      (abs)        00098
_PIE1bits                                     (abs)        00091
_PIN_MANAGER_IOC                              text24       00483
_PIN_MANAGER_Initialize                       text14       00334
_PIR1bits                                     (abs)        00011
_PORTBbits                                    (abs)        0000D
_SYSTEM_Initialize                            text12       0043F
_T1CON                                        (abs)        00018
_T1CONbits                                    (abs)        00018
_T1GCON                                       (abs)        00019
_T1GCONbits                                   (abs)        00019
_TMR1H                                        (abs)        00017
_TMR1L                                        (abs)        00016
_TMR1_CounterGet                              text31       003BB
_TMR1_CounterSet                              text8        003D4
_TMR1_DefaultGateCallback                     (abs)        00000
_TMR1_DefaultOverflowCallback                 text22       004BC
_TMR1_GateCallback                            nvBANK0      0004C
_TMR1_Initialize                              text13       003A1
_TMR1_OverflowCallback                        nvBANK0      0004E
_TMR1_OverflowCallbackRegister                text11       0049A
_TMR1_OverflowISR                             text21       00404
_TMR1_Start                                   text7        004AC
_TMR1_Stop                                    text10       004AF
_TRISA                                        (abs)        0008C
_TRISB                                        (abs)        0008D
_TRISC                                        (abs)        0008E
_TRISCbits                                    (abs)        0008E
_TRISE                                        (abs)        00090
_Timer1_TimeoutHandler                        text23       0042E
_WPUB                                         (abs)        0020D
_WPUE                                         (abs)        00210
__H__absolute__                               __absolute__ 00000
__Habs1                                       abs1         00000
__Hbank0                                      bank0        00000
__Hbank1                                      bank1        00000
__Hbank10                                     bank10       00000
__Hbank11                                     bank11       00000
__Hbank12                                     bank12       00000
__Hbank13                                     bank13       00000
__Hbank14                                     bank14       00000
__Hbank15                                     bank15       00000
__Hbank16                                     bank16       00000
__Hbank17                                     bank17       00000
__Hbank18                                     bank18       00000
__Hbank19                                     bank19       00000
__Hbank2                                      bank2        00000
__Hbank20                                     bank20       00000
__Hbank21                                     bank21       00000
__Hbank22                                     bank22       00000
__Hbank23                                     bank23       00000
__Hbank24                                     bank24       00000
__Hbank25                                     bank25       00000
__Hbank26                                     bank26       00000
__Hbank27                                     bank27       00000
__Hbank28                                     bank28       00000
__Hbank29                                     bank29       00000
__Hbank3                                      bank3        00000
__Hbank30                                     bank30       00000
__Hbank31                                     bank31       00000
__Hbank4                                      bank4        00000
__Hbank5                                      bank5        00000
__Hbank6                                      bank6        00000
__Hbank7                                      bank7        00000
__Hbank8                                      bank8        00000
__Hbank9                                      bank9        00000
__Hbigram                                     bigram       00000
__HbssBANK0                                   bssBANK0     00000
__HbssCOMMON                                  bssCOMMON    00000
__Hcinit                                      cinit        00047
__Hclrtext                                    clrtext      00000
__Hcode                                       code         00000
__Hcommon                                     common       00000
__Hconfig                                     config       08009
__HcstackBANK0                                cstackBANK0  00000
__HcstackCOMMON                               cstackCOMMON 00000
__HdataBANK0                                  dataBANK0    00000
__Heeprom_data                                eeprom_data  00000
__Hend_init                                   end_init     00035
__Hfunctab                                    functab      00000
__Hheap                                       heap         00000
__HidataBANK0                                 idataBANK0   00000
__Hinit                                       init         00033
__Hintentry                                   intentry     00033
__Hmaintext                                   maintext     00000
__HnvBANK0                                    nvBANK0      00000
__Hpowerup                                    powerup      00000
__Hram                                        ram          00000
__Hreset_vec                                  reset_vec    00003
__Hsfr0                                       sfr0         00000
__Hsfr1                                       sfr1         00000
__Hsfr10                                      sfr10        00000
__Hsfr11                                      sfr11        00000
__Hsfr12                                      sfr12        00000
__Hsfr13                                      sfr13        00000
__Hsfr14                                      sfr14        00000
__Hsfr15                                      sfr15        00000
__Hsfr16                                      sfr16        00000
__Hsfr17                                      sfr17        00000
__Hsfr18                                      sfr18        00000
__Hsfr19                                      sfr19        00000
__Hsfr2                                       sfr2         00000
__Hsfr20                                      sfr20        00000
__Hsfr21                                      sfr21        00000
__Hsfr22                                      sfr22        00000
__Hsfr23                                      sfr23        00000
__Hsfr24                                      sfr24        00000
__Hsfr25                                      sfr25        00000
__Hsfr26                                      sfr26        00000
__Hsfr27                                      sfr27        00000
__Hsfr28                                      sfr28        00000
__Hsfr29                                      sfr29        00000
__Hsfr3                                       sfr3         00000
__Hsfr30                                      sfr30        00000
__Hsfr31                                      sfr31        00000
__Hsfr4                                       sfr4         00000
__Hsfr5                                       sfr5         00000
__Hsfr6                                       sfr6         00000
__Hsfr7                                       sfr7         00000
__Hsfr8                                       sfr8         00000
__Hsfr9                                       sfr9         00000
__Hsivt                                       sivt         00033
__Hspace_0                                    (abs)        004BE
__Hspace_1                                    (abs)        0007D
__Hspace_2                                    (abs)        00000
__Hspace_3                                    (abs)        00000
__Hspace_4                                    (abs)        10010
__Hstack                                      stack        00000
__Hstrings                                    strings      00000
__Htext                                       text         00000
__L__absolute__                               __absolute__ 00000
__Labs1                                       abs1         00000
__Lbank0                                      bank0        00000
__Lbank1                                      bank1        00000
__Lbank10                                     bank10       00000
__Lbank11                                     bank11       00000
__Lbank12                                     bank12       00000
__Lbank13                                     bank13       00000
__Lbank14                                     bank14       00000
__Lbank15                                     bank15       00000
__Lbank16                                     bank16       00000
__Lbank17                                     bank17       00000
__Lbank18                                     bank18       00000
__Lbank19                                     bank19       00000
__Lbank2                                      bank2        00000
__Lbank20                                     bank20       00000
__Lbank21                                     bank21       00000
__Lbank22                                     bank22       00000
__Lbank23                                     bank23       00000
__Lbank24                                     bank24       00000
__Lbank25                                     bank25       00000
__Lbank26                                     bank26       00000
__Lbank27                                     bank27       00000
__Lbank28                                     bank28       00000
__Lbank29                                     bank29       00000
__Lbank3                                      bank3        00000
__Lbank30                                     bank30       00000
__Lbank31                                     bank31       00000
__Lbank4                                      bank4        00000
__Lbank5                                      bank5        00000
__Lbank6                                      bank6        00000
__Lbank7                                      bank7        00000
__Lbank8                                      bank8        00000
__Lbank9                                      bank9        00000
__Lbigram                                     bigram       00000
__LbssBANK0                                   bssBANK0     00000
__LbssCOMMON                                  bssCOMMON    00000
__Lcinit                                      cinit        00035
__Lclrtext                                    clrtext      00000
__Lcode                                       code         00000
__Lcommon                                     common       00000
__Lconfig                                     config       00000
__LcstackBANK0                                cstackBANK0  00000
__LcstackCOMMON                               cstackCOMMON 00000
__LdataBANK0                                  dataBANK0    00000
__Leeprom_data                                eeprom_data  00000
__Lend_init                                   end_init     00033
__Lfunctab                                    functab      00000
__Lheap                                       heap         00000
__LidataBANK0                                 idataBANK0   00000
__Linit                                       init         00033
__Lintentry                                   intentry     00004
__Lmaintext                                   maintext     00000
__LnvBANK0                                    nvBANK0      00000
__Lpowerup                                    powerup      00000
__Lram                                        ram          00000
__Lreset_vec                                  reset_vec    00000
__Lsfr0                                       sfr0         00000
__Lsfr1                                       sfr1         00000
__Lsfr10                                      sfr10        00000
__Lsfr11                                      sfr11        00000
__Lsfr12                                      sfr12        00000
__Lsfr13                                      sfr13        00000
__Lsfr14                                      sfr14        00000
__Lsfr15                                      sfr15        00000
__Lsfr16                                      sfr16        00000
__Lsfr17                                      sfr17        00000
__Lsfr18                                      sfr18        00000
__Lsfr19                                      sfr19        00000
__Lsfr2                                       sfr2         00000
__Lsfr20                                      sfr20        00000
__Lsfr21                                      sfr21        00000
__Lsfr22                                      sfr22        00000
__Lsfr23                                      sfr23        00000
__Lsfr24                                      sfr24        00000
__Lsfr25                                      sfr25        00000
__Lsfr26                                      sfr26        00000
__Lsfr27                                      sfr27        00000
__Lsfr28                                      sfr28        00000
__Lsfr29                                      sfr29        00000
__Lsfr3                                       sfr3         00000
__Lsfr30                                      sfr30        00000
__Lsfr31                                      sfr31        00000
__Lsfr4                                       sfr4         00000
__Lsfr5                                       sfr5         00000
__Lsfr6                                       sfr6         00000
__Lsfr7                                       sfr7         00000
__Lsfr8                                       sfr8         00000
__Lsfr9                                       sfr9         00000
__Lsivt                                       sivt         00033
__Lspace_0                                    (abs)        00000
__Lspace_1                                    (abs)        00000
__Lspace_2                                    (abs)        00000
__Lspace_3                                    (abs)        00000
__Lspace_4                                    (abs)        00000
__Lstack                                      stack        00000
__Lstrings                                    strings      00000
__Ltext                                       text         00000
__S0                                          (abs)        004BE
__S1                                          (abs)        0007D
__S3                                          (abs)        00000
___heap_hi                                    (abs)        00000
___heap_lo                                    (abs)        00000
___int_sp                                     stack        00000
___int_stack_hi                               stack        00000
___int_stack_lo                               stack        00000
___latbits                                    (abs)        00002
___sp                                         stack        00000
___stack_hi                                   stack        00000
___stack_lo                                   stack        00000
___stackhi                                    (abs)        00000
___stacklo                                    (abs)        00000
__end_of_ADC_ISR                              text32       004BB
__end_of_ADC_Initialize                       text19       0045F
__end_of_CLOCK_Initialize                     text18       00494
__end_of_DATA_IN_DefaultInterruptHandler      text26       004BE
__end_of_DATA_IN_ISR                          text25       0046E
__end_of_DATA_IN_SetInterruptHandler          text15       004A6
__end_of_INTERRUPT_Initialize                 text16       0047A
__end_of_INTERRUPT_InterruptManager           intentry     00033
__end_of_INT_SetInterruptHandler              text17       004AC
__end_of_PIN_MANAGER_IOC                      text24       0048C
__end_of_PIN_MANAGER_Initialize               text14       0035F
__end_of_SYSTEM_Initialize                    text12       0044F
__end_of_TMR1_CounterGet                      text31       003D4
__end_of_TMR1_CounterSet                      text8        003EC
__end_of_TMR1_DefaultOverflowCallback         text22       004BD
__end_of_TMR1_Initialize                      text13       003BB
__end_of_TMR1_OverflowCallbackRegister        text11       004A0
__end_of_TMR1_OverflowISR                     text21       0041A
__end_of_TMR1_Start                           text7        004AF
__end_of_TMR1_Stop                            text10       004B2
__end_of_Timer1_TimeoutHandler                text23       0043F
__end_of__initialization                      cinit        00043
__end_of_eeprom_read                          text9        00483
__end_of_eeprom_write                         text6        0042E
__end_of_main                                 maintext     002CB
__end_of_process_command                      text5        00146
__end_of_protocol_on_bus_change               text27       0020F
__end_of_read_adc_rb1                         text4        003A1
__end_of_send_pulse                           text3        00300
__end_of_send_response_phase                  text1        00334
__end_of_send_type_bits                       text2        00386
__end_ofi1_TMR1_CounterSet                    text30       00404
__end_ofi1_TMR1_Start                         text29       004B8
__end_ofi1_TMR1_Stop                          text28       004B5
__initialization                              cinit        00035
__pbssBANK0                                   bssBANK0     0003B
__pbssCOMMON                                  bssCOMMON    0007B
__pcstackBANK0                                cstackBANK0  00020
__pcstackCOMMON                               cstackCOMMON 00070
__pdataBANK0                                  dataBANK0    00054
__pidataBANK0                                 idataBANK0   004BB
__pintentry                                   intentry     00004
__pmaintext                                   maintext     0020F
__pnvBANK0                                    nvBANK0      0004C
__ptext1                                      text1        00300
__ptext10                                     text10       004AF
__ptext11                                     text11       0049A
__ptext12                                     text12       0043F
__ptext13                                     text13       003A1
__ptext14                                     text14       00334
__ptext15                                     text15       004A0
__ptext16                                     text16       0046E
__ptext17                                     text17       004A6
__ptext18                                     text18       0048C
__ptext19                                     text19       0044F
__ptext2                                      text2        0035F
__ptext21                                     text21       00404
__ptext22                                     text22       004BC
__ptext23                                     text23       0042E
__ptext24                                     text24       00483
__ptext25                                     text25       0045F
__ptext26                                     text26       004BD
__ptext27                                     text27       00146
__ptext28                                     text28       004B2
__ptext29                                     text29       004B5
__ptext3                                      text3        002CB
__ptext30                                     text30       003EC
__ptext31                                     text31       003BB
__ptext32                                     text32       004B8
__ptext4                                      text4        00386
__ptext5                                      text5        00047
__ptext6                                      text6        0041A
__ptext7                                      text7        004AC
__ptext8                                      text8        003D4
__ptext9                                      text9        0047A
_activate_counter                             bssBANK0     00043
_bit_count                                    bssBANK0     0004A
_cmd_ready                                    bssBANK0     00049
_eeprom_read                                  text9        0047A
_eeprom_write                                 text6        0041A
_main                                         maintext     0020F
_my_address                                   dataBANK0    00054
_new_address                                  bssBANK0     00045
_process_command                              text5        00047
_protocol_on_bus_change                       text27       00146
_read_adc_rb1                                 text4        00386
_reset_counter                                bssBANK0     00044
_response_phase                               bssBANK0     00041
_rx_addr                                      bssBANK0     00047
_rx_buffer                                    bssBANK0     0003B
_rx_mode                                      bssBANK0     00048
_rx_state                                     bssBANK0     0004B
_send_pulse                                   text3        002CB
_send_response_phase                          text1        00300
_send_type_bits                               text2        0035F
_set_addr_state                               bssBANK0     00046
_t2_received                                  bssBANK0     00042
_timer1ReloadVal                              bssCOMMON    0007B
btemp                                         (abs)        0007E
btemp0                                        (abs)        0007E
btemp1                                        (abs)        0007F
clear_ram0                                    clrtext      00494
eeprom_read@addr                              cstackBANK0  0002D
eeprom_write@addr                             cstackBANK0  0002E
eeprom_write@data                             cstackBANK0  0002D
end_of_initialization                         cinit        00043
i1TMR1_CounterSet@onState                     cstackCOMMON 00072
i1TMR1_CounterSet@timerVal                    cstackCOMMON 00070
i1_TMR1_CounterSet                            text30       003EC
i1_TMR1_Start                                 text29       004B5
i1_TMR1_Stop                                  text28       004B2
int$flags                                     (abs)        0007E
intlevel0                                     functab      00000
intlevel1                                     functab      00000
intlevel2                                     functab      00000
intlevel3                                     functab      00000
intlevel4                                     functab      00000
intlevel5                                     functab      00000
ltemp0a                                       (abs)        00080
main@i                                        cstackBANK0  0003A
main@loop_counter                             cstackBANK0  00038
process_command@i                             cstackBANK0  00032
process_command@i_865                         cstackBANK0  00034
protocol_on_bus_change@bit                    cstackBANK0  0002A
protocol_on_bus_change@ticks                  cstackBANK0  00024
protocol_on_bus_change@ticks_837              cstackBANK0  00026
protocol_on_bus_change@us                     cstackBANK0  0002B
protocol_on_bus_change@us_838                 cstackBANK0  00028
reset_vec                                     reset_vec    00000
send_pulse@us                                 cstackBANK0  0002D
send_response_phase@adc_val                   cstackBANK0  00030
send_response_phase@pulse_us                  cstackBANK0  00032
send_type_bits@i                              cstackBANK0  0002F
send_type_bits@type                           cstackBANK0  0002E
start                                         init         00033
start_initialization                          cinit        00035
ttemp0a                                       (abs)        0007F
wtemp0                                        (abs)        0007E
wtemp0a                                       (abs)        0007F


MODULE INFORMATION

Module		Function		Class		Link	Load	Size
mcc_generated_files/timer/src/tmr1.c
		_TMR1_Initialize		CODE           	03A1	0000	26
		_TMR1_Stop     		CODE           	04AF	0000	3
		_TMR1_Start    		CODE           	04AC	0000	3
		_TMR1_OverflowCallbackRegister		CODE           	049A	0000	6
		_TMR1_DefaultOverflowCallback		CODE           	04BC	0000	1
		_TMR1_CounterGet		CODE           	03BB	0000	25
		_TMR1_CounterSet		CODE           	03D4	0000	24
		_TMR1_OverflowISR		CODE           	0404	0000	22

mcc_generated_files/timer/src/tmr1.c estimated size: 110

mcc_generated_files/system/src/interrupt.c
		_INT_SetInterruptHandler		CODE           	04A6	0000	6
		_INTERRUPT_Initialize		CODE           	046E	0000	12
		_INTERRUPT_InterruptManager		CODE           	0004	0000	47

mcc_generated_files/system/src/interrupt.c estimated size: 65

mcc_generated_files/adc/src/adc.c
		_ADC_Initialize		CODE           	044F	0000	16
		_ADC_ISR       		CODE           	04B8	0000	3

mcc_generated_files/adc/src/adc.c estimated size: 19

mcc_generated_files/system/src/pins.c
		_PIN_MANAGER_Initialize		CODE           	0334	0000	43
		_DATA_IN_ISR   		CODE           	045F	0000	15
		_PIN_MANAGER_IOC		CODE           	0483	0000	9
		_DATA_IN_SetInterruptHandler		CODE           	04A0	0000	6
		_DATA_IN_DefaultInterruptHandler		CODE           	04BD	0000	1

mcc_generated_files/system/src/pins.c estimated size: 74

shared
		i1_TMR1_Stop   		CODE           	04B2	0000	3
		i1_TMR1_Start  		CODE           	04B5	0000	3
		__initialization		CODE           	0035	0000	14
		i1_TMR1_CounterSet		CODE           	03EC	0000	24

shared estimated size: 44

mcc_generated_files/system/src/clock.c
		_CLOCK_Initialize		CODE           	048C	0000	8

mcc_generated_files/system/src/clock.c estimated size: 8

main.c
		_send_pulse    		CODE           	02CB	0000	53
		_main          		CODE           	020F	0000	188
		_protocol_on_bus_change		CODE           	0146	0000	201
		_send_type_bits		CODE           	035F	0000	39
		_process_command		CODE           	0047	0000	255
		_Timer1_TimeoutHandler		CODE           	042E	0000	17
		_read_adc_rb1  		CODE           	0386	0000	27
		_send_response_phase		CODE           	0300	0000	52
		_eeprom_read   		CODE           	047A	0000	9
		_eeprom_write  		CODE           	041A	0000	20

main.c estimated size: 861

mcc_generated_files/system/src/system.c
		_SYSTEM_Initialize		CODE           	043F	0000	16

mcc_generated_files/system/src/system.c estimated size: 16

