Microchip MPLAB XC8 Compiler V3.10

Linker command line:

-W-3 \
  --edf=C:\Program Files\Microchip\xc8\v3.10\pic\dat\20250813170317_en.msgs \
  -cn -h+dist/default/production\MPLABXProjects.production.sym \
  --cmf=dist/default/production\MPLABXProjects.production.cmf -z -Q16F1936 \
  -oC:\Users\PROFES~1\AppData\Local\Temp\xcAssqc.0\driver_tmp_3.o \
  --defsym=__MPLAB_BUILD=1 --fixupoverflow=error \
  -Mdist/default/production/MPLABXProjects.production.map \
  --md=C:\Users\PROFES~1\AppData\Local\Temp\xcAssqc.0\driver_tmp_0.dat -E1 \
  -ver=XC8 Compiler -ACODE=00h-07FFhx4 -ASTRCODE=00h-01FFFh \
  -ASTRING=00h-0FFhx32 -ACONST=00h-0FFhx32 -AENTRY=00h-0FFhx32 \
  -ACOMMON=070h-07Fh -ABANK0=020h-06Fh -ABANK1=0A0h-0EFh \
  -ABANK2=0120h-016Fh -ABANK3=01A0h-01EFh -ABANK4=0220h-026Fh \
  -ABANK5=02A0h-02EFh -ABANK6=0320h-032Fh -ABIGRAM=02000h-021EFh \
  -ARAM=020h-06Fh,0A0h-0EFh,0120h-016Fh,01A0h-01EFh,0220h-026Fh,02A0h-02EFh,0320h-032Fh \
  -AABS1=020h-07Fh,0A0h-0EFh,0120h-016Fh,01A0h-01EFh,0220h-026Fh,02A0h-02EFh,0320h-032Fh \
  -ASFR0=00h-01Fh -ASFR1=080h-09Fh -ASFR2=0100h-011Fh -ASFR3=0180h-019Fh \
  -ASFR4=0200h-021Fh -ASFR5=0280h-029Fh -ASFR6=0300h-031Fh \
  -ASFR7=0380h-03EFh -ASFR8=0400h-046Fh -ASFR9=0480h-04EFh \
  -ASFR10=0500h-056Fh -ASFR11=0580h-05EFh -ASFR12=0600h-066Fh \
  -ASFR13=0680h-06EFh -ASFR14=0700h-076Fh -ASFR15=0780h-07EFh \
  -ASFR16=0800h-086Fh -ASFR17=0880h-08EFh -ASFR18=0900h-096Fh \
  -ASFR19=0980h-09EFh -ASFR20=0A00h-0A6Fh -ASFR21=0A80h-0AEFh \
  -ASFR22=0B00h-0B6Fh -ASFR23=0B80h-0BEFh -ASFR24=0C00h-0C6Fh \
  -ASFR25=0C80h-0CEFh -ASFR26=0D00h-0D6Fh -ASFR27=0D80h-0DEFh \
  -ASFR28=0E00h-0E6Fh -ASFR29=0E80h-0EEFh -ASFR30=0F00h-0F6Fh \
  -ASFR31=0F80h-0FEFh -ACONFIG=08007h-08008h -DCONFIG=2 \
  -AIDLOC=08000h-08003h -DIDLOC=2 -AEEDATA=00h-0FFh/0F000h \
  -peeprom_data=EEDATA -DEEDATA=2 -DCODE=2 -DSTRCODE=2 -DSTRING=2 -DCONST=2 \
  -DENTRY=2 -preset_vec=00h,intentry=04h,sivt,init,end_init -ppowerup=CODE \
  -pcinit=CODE -pfunctab=ENTRY -k \
  C:\Users\PROFES~1\AppData\Local\Temp\xcAssqc.0\driver_tmp_15.o \
  dist/default/production\MPLABXProjects.production.o 

Object code version is 3.11

Machine type is 16F1936



                Name                               Link     Load   Length Selector   Space Scale
C:\Users\PROFES~1\AppData\Local\Temp\xcAssqc.0\driver_tmp_15.o
                end_init                             25       25        2        8       0
                reset_vec                             0        0        2        0       0
                config                             8007     8007        2        0       4
dist/default/production\MPLABXProjects.production.o
                cinit                                27       27       1D        8       0
                intentry                              4        4       21        8       0
                config                             8007     8007        2        0       4
                text27                              4A6      4A6        3        8       0
                text26                              3B8      3B8       1F        8       0
                text25                              1CF      1CF       9A        8       0
                text24                              4A9      4A9        1        8       0
                text23                              456      456        F        8       0
                text22                              47A      47A        9        8       0
                text20                              446      446       10        8       0
                text19                              483      483        8        8       0
                text18                              497      497        6        8       0
                text17                              465      465        C        8       0
                text16                              491      491        6        8       0
                text15                              326      326       2B        8       0
                text14                              40C      40C       16        8       0
                text13                              436      436       10        8       0
                text12                              378      378       21        8       0
                text11                              471      471        9        8       0
                text10                              2C0      2C0       34        8       0
                text9                               269      269       57        8       0
                text8                               422      422       14        8       0
                text7                               3F3      3F3       19        8       0
                text6                               111      111       BE        8       0
                text5                               49D      49D        5        8       0
                text4                               399      399       1F        8       0
                text3                               2F4      2F4       32        8       0
                text2                               351      351       27        8       0
                text1                               3D7      3D7       1C        8       0
                maintext                             44       44       CD        8       0
                cstackBANK0                          20       20       22       20       1
                cstackCOMMON                         70       70        D       70       1
                clrtext                             48B      48B        6        8       0
                dataBANK0                            5E       5E        4       20       1
                bssBANK0                             42       42       14       20       1
                bssCOMMON                            7D       7D        1       70       1
                nvBANK0                              56       56        8       20       1
                idataBANK0                          4A2      4A2        4        8       0

TOTAL           Name                               Link     Load   Length     Space
        CLASS   CODE           
                end_init                             25       25        2         0
                cinit                                27       27       1D         0
                intentry                              4        4       21         0
                reset_vec                             0        0        2         0
                text27                              4A6      4A6        3         0
                text26                              3B8      3B8       1F         0
                text25                              1CF      1CF       9A         0
                text24                              4A9      4A9        1         0
                text23                              456      456        F         0
                text22                              47A      47A        9         0
                text20                              446      446       10         0
                text19                              483      483        8         0
                text18                              497      497        6         0
                text17                              465      465        C         0
                text16                              491      491        6         0
                text15                              326      326       2B         0
                text14                              40C      40C       16         0
                text13                              436      436       10         0
                text12                              378      378       21         0
                text11                              471      471        9         0
                text10                              2C0      2C0       34         0
                text9                               269      269       57         0
                text8                               422      422       14         0
                text7                               3F3      3F3       19         0
                text6                               111      111       BE         0
                text5                               49D      49D        5         0
                text4                               399      399       1F         0
                text3                               2F4      2F4       32         0
                text2                               351      351       27         0
                text1                               3D7      3D7       1C         0
                maintext                             44       44       CD         0
                clrtext                             48B      48B        6         0
                idataBANK0                          4A2      4A2        4         0

        CLASS   STRCODE        

        CLASS   STRING         

        CLASS   CONST          

        CLASS   ENTRY          

        CLASS   COMMON         
                cstackCOMMON                         70       70        D         1
                bssCOMMON                            7D       7D        1         1

        CLASS   BANK0          
                cstackBANK0                          20       20       22         1
                dataBANK0                            5E       5E        4         1
                bssBANK0                             42       42       14         1
                nvBANK0                              56       56        8         1

        CLASS   BANK1          

        CLASS   BANK2          

        CLASS   BANK3          

        CLASS   BANK4          

        CLASS   BANK5          

        CLASS   BANK6          

        CLASS   BIGRAM         

        CLASS   RAM            

        CLASS   ABS1           
                abs_s1                               7E       7E        2         1

        CLASS   SFR0           

        CLASS   SFR1           

        CLASS   SFR2           

        CLASS   SFR3           

        CLASS   SFR4           

        CLASS   SFR5           

        CLASS   SFR6           

        CLASS   SFR7           

        CLASS   SFR8           

        CLASS   SFR9           

        CLASS   SFR10          

        CLASS   SFR11          

        CLASS   SFR12          

        CLASS   SFR13          

        CLASS   SFR14          

        CLASS   SFR15          

        CLASS   SFR16          

        CLASS   SFR17          

        CLASS   SFR18          

        CLASS   SFR19          

        CLASS   SFR20          

        CLASS   SFR21          

        CLASS   SFR22          

        CLASS   SFR23          

        CLASS   SFR24          

        CLASS   SFR25          

        CLASS   SFR26          

        CLASS   SFR27          

        CLASS   SFR28          

        CLASS   SFR29          

        CLASS   SFR30          

        CLASS   SFR31          

        CLASS   CONFIG         
                config                             8007     8007        2         4

        CLASS   IDLOC          

        CLASS   EEDATA         

        CLASS   BANK31         

        CLASS   BANK30         

        CLASS   BANK29         

        CLASS   BANK28         

        CLASS   BANK27         

        CLASS   BANK26         

        CLASS   BANK25         

        CLASS   BANK24         

        CLASS   BANK23         

        CLASS   BANK22         

        CLASS   BANK21         

        CLASS   BANK20         

        CLASS   BANK19         

        CLASS   BANK18         

        CLASS   BANK17         

        CLASS   BANK16         

        CLASS   BANK15         

        CLASS   BANK14         

        CLASS   BANK13         

        CLASS   BANK12         

        CLASS   BANK11         

        CLASS   BANK10         

        CLASS   BANK9          

        CLASS   BANK8          

        CLASS   BANK7          

        CLASS   HEAP           

        CLASS   STACK          



SEGMENTS        Name                           Load    Length   Top    Selector   Space  Class     Delta

                reset_vec                      000000  000002  000002         0       0  CODE        2
                intentry                       000004  0004A6  0004AA         8       0  CODE        2
                cstackBANK0                    000020  000042  000062        20       1  BANK0       1
                cstackCOMMON                   000070  00000E  00007E        70       1  COMMON      1


UNUSED ADDRESS RANGES

        Name                Unused          Largest block    Delta
        BANK0            00062-0006F               E           1
        BANK1            000A0-000EF              50           1
        BANK2            00120-0016F              50           1
        BANK3            001A0-001EF              50           1
        BANK4            00220-0026F              50           1
        BANK5            002A0-002EF              50           1
        BANK6            00320-0032F              10           1
        BIGRAM           02000-021EF             1F0           1
        CODE             00002-00003               2           2
                         004AA-01FFF             800
        CONST            00002-00003               2           2
                         004AA-01FFF             100
        EEDATA           0F000-0F0FF             100           2
        ENTRY            00002-00003               2           2
                         004AA-01FFF             100
        IDLOC            08000-08003               4           2
        RAM              00062-0006F               E           1
                         000A0-000EF              50
                         00120-0016F              50
                         001A0-001EF              50
                         00220-0026F              50
                         002A0-002EF              50
                         00320-0032F              10
        SFR0             00000-0001F              20           1
        SFR1             00080-0009F              20           1
        SFR10            00500-0056F              70           1
        SFR11            00580-005EF              70           1
        SFR12            00600-0066F              70           1
        SFR13            00680-006EF              70           1
        SFR14            00700-0076F              70           1
        SFR15            00780-007EF              70           1
        SFR16            00800-0086F              70           1
        SFR17            00880-008EF              70           1
        SFR18            00900-0096F              70           1
        SFR19            00980-009EF              70           1
        SFR2             00100-0011F              20           1
        SFR20            00A00-00A6F              70           1
        SFR21            00A80-00AEF              70           1
        SFR22            00B00-00B6F              70           1
        SFR23            00B80-00BEF              70           1
        SFR24            00C00-00C6F              70           1
        SFR25            00C80-00CEF              70           1
        SFR26            00D00-00D6F              70           1
        SFR27            00D80-00DEF              70           1
        SFR28            00E00-00E6F              70           1
        SFR29            00E80-00EEF              70           1
        SFR3             00180-0019F              20           1
        SFR30            00F00-00F6F              70           1
        SFR31            00F80-00FEF              70           1
        SFR4             00200-0021F              20           1
        SFR5             00280-0029F              20           1
        SFR6             00300-0031F              20           1
        SFR7             00380-003EF              70           1
        SFR8             00400-0046F              70           1
        SFR9             00480-004EF              70           1
        STRCODE          00002-00003               2           2
                         004AA-01FFF            1B56
        STRING           00002-00003               2           2
                         004AA-01FFF             100

                                  Symbol Table

?___lmul                                     cstackBANK0  00025
?_convert_adc_to_pulse_usec                  cstackBANK0  00031
?_read_adc_rb1                               cstackBANK0  00025
?_tmr1_ticks                                 cstackBANK0  00025
?i1_tmr1_ticks                               cstackCOMMON 00070
DATA_IN_SetInterruptHandler@InterruptHandler cstackBANK0  00025
INT_SetInterruptHandler@InterruptHandler     cstackBANK0  00025
_ADCON0                                      (abs)        0009D
_ADCON0bits                                  (abs)        0009D
_ADCON1                                      (abs)        0009E
_ADC_ConversionDoneCallback                  bssBANK0     00046
_ADC_ISR                                     text27       004A6
_ADC_Initialize                              text20       00446
_ADRESH                                      (abs)        0009C
_ADRESL                                      (abs)        0009B
_ANSELA                                      (abs)        0018C
_ANSELAbits                                  (abs)        0018C
_ANSELB                                      (abs)        0018D
_BORCON                                      (abs)        00116
_CLOCK_Initialize                            text19       00483
_DATA_IN_DefaultInterruptHandler             text24       004A9
_DATA_IN_ISR                                 text23       00456
_DATA_IN_InterruptHandler                    nvBANK0      0005A
_DATA_IN_SetInterruptHandler                 text16       00491
_EEADRL                                      (abs)        00191
_EECON1bits                                  (abs)        00195
_EECON2                                      (abs)        00196
_EEDATL                                      (abs)        00193
_INTCONbits                                  (abs)        0000B
_INTERRUPT_Initialize                        text17       00465
_INTERRUPT_InterruptManager                  intentry     00004
_INT_DefaultInterruptHandler                 (abs)        00000
_INT_InterruptHandler                        nvBANK0      0005C
_INT_SetInterruptHandler                     text18       00497
_IOCBF                                       (abs)        00396
_IOCBFbits                                   (abs)        00396
_IOCBN                                       (abs)        00395
_IOCBP                                       (abs)        00394
_LATA                                        (abs)        0010C
_LATAbits                                    (abs)        0010C
_LATB                                        (abs)        0010D
_LATC                                        (abs)        0010E
_LATCbits                                    (abs)        0010E
_LATE                                        (abs)        00110
_OPTION_REGbits                              (abs)        00095
_OSCCON                                      (abs)        00099
_OSCTUNE                                     (abs)        00098
_PIE1bits                                    (abs)        00091
_PIN_MANAGER_IOC                             text22       0047A
_PIN_MANAGER_Initialize                      text15       00326
_PIR1bits                                    (abs)        00011
_PORTAbits                                   (abs)        0000C
_PORTBbits                                   (abs)        0000D
_SYSTEM_Initialize                           text13       00436
_T1CON                                       (abs)        00018
_T1CONbits                                   (abs)        00018
_T1GCON                                      (abs)        00019
_T1GCONbits                                  (abs)        00019
_TMR1                                        (abs)        00016
_TMR1H                                       (abs)        00017
_TMR1L                                       (abs)        00016
_TMR1_DefaultGateCallback                    (abs)        00000
_TMR1_DefaultOverflowCallback                (abs)        00000
_TMR1_GateCallback                           nvBANK0      00056
_TMR1_Initialize                             text14       0040C
_TMR1_OverflowCallback                       nvBANK0      00058
_TRISA                                       (abs)        0008C
_TRISAbits                                   (abs)        0008C
_TRISB                                       (abs)        0008D
_TRISC                                       (abs)        0008E
_TRISCbits                                   (abs)        0008E
_TRISE                                       (abs)        00090
_WPUB                                        (abs)        0020D
_WPUE                                        (abs)        00210
__H__absolute__                              __absolute__ 00000
__Habs1                                      abs1         00000
__Hbank0                                     bank0        00000
__Hbank1                                     bank1        00000
__Hbank10                                    bank10       00000
__Hbank11                                    bank11       00000
__Hbank12                                    bank12       00000
__Hbank13                                    bank13       00000
__Hbank14                                    bank14       00000
__Hbank15                                    bank15       00000
__Hbank16                                    bank16       00000
__Hbank17                                    bank17       00000
__Hbank18                                    bank18       00000
__Hbank19                                    bank19       00000
__Hbank2                                     bank2        00000
__Hbank20                                    bank20       00000
__Hbank21                                    bank21       00000
__Hbank22                                    bank22       00000
__Hbank23                                    bank23       00000
__Hbank24                                    bank24       00000
__Hbank25                                    bank25       00000
__Hbank26                                    bank26       00000
__Hbank27                                    bank27       00000
__Hbank28                                    bank28       00000
__Hbank29                                    bank29       00000
__Hbank3                                     bank3        00000
__Hbank30                                    bank30       00000
__Hbank31                                    bank31       00000
__Hbank4                                     bank4        00000
__Hbank5                                     bank5        00000
__Hbank6                                     bank6        00000
__Hbank7                                     bank7        00000
__Hbank8                                     bank8        00000
__Hbank9                                     bank9        00000
__Hbigram                                    bigram       00000
__HbssBANK0                                  bssBANK0     00000
__HbssCOMMON                                 bssCOMMON    00000
__Hcinit                                     cinit        00044
__Hclrtext                                   clrtext      00000
__Hcode                                      code         00000
__Hcommon                                    common       00000
__Hconfig                                    config       08009
__HcstackBANK0                               cstackBANK0  00000
__HcstackCOMMON                              cstackCOMMON 00000
__HdataBANK0                                 dataBANK0    00000
__Heeprom_data                               eeprom_data  00000
__Hend_init                                  end_init     00027
__Hfunctab                                   functab      00000
__Hheap                                      heap         00000
__HidataBANK0                                idataBANK0   00000
__Hinit                                      init         00025
__Hintentry                                  intentry     00025
__Hmaintext                                  maintext     00000
__HnvBANK0                                   nvBANK0      00000
__Hpowerup                                   powerup      00000
__Hram                                       ram          00000
__Hreset_vec                                 reset_vec    00002
__Hsfr0                                      sfr0         00000
__Hsfr1                                      sfr1         00000
__Hsfr10                                     sfr10        00000
__Hsfr11                                     sfr11        00000
__Hsfr12                                     sfr12        00000
__Hsfr13                                     sfr13        00000
__Hsfr14                                     sfr14        00000
__Hsfr15                                     sfr15        00000
__Hsfr16                                     sfr16        00000
__Hsfr17                                     sfr17        00000
__Hsfr18                                     sfr18        00000
__Hsfr19                                     sfr19        00000
__Hsfr2                                      sfr2         00000
__Hsfr20                                     sfr20        00000
__Hsfr21                                     sfr21        00000
__Hsfr22                                     sfr22        00000
__Hsfr23                                     sfr23        00000
__Hsfr24                                     sfr24        00000
__Hsfr25                                     sfr25        00000
__Hsfr26                                     sfr26        00000
__Hsfr27                                     sfr27        00000
__Hsfr28                                     sfr28        00000
__Hsfr29                                     sfr29        00000
__Hsfr3                                      sfr3         00000
__Hsfr30                                     sfr30        00000
__Hsfr31                                     sfr31        00000
__Hsfr4                                      sfr4         00000
__Hsfr5                                      sfr5         00000
__Hsfr6                                      sfr6         00000
__Hsfr7                                      sfr7         00000
__Hsfr8                                      sfr8         00000
__Hsfr9                                      sfr9         00000
__Hsivt                                      sivt         00025
__Hspace_0                                   (abs)        004AA
__Hspace_1                                   (abs)        0007E
__Hspace_2                                   (abs)        00000
__Hspace_3                                   (abs)        00000
__Hspace_4                                   (abs)        10010
__Hstack                                     stack        00000
__Hstrings                                   strings      00000
__Htext                                      text         00000
__L__absolute__                              __absolute__ 00000
__Labs1                                      abs1         00000
__Lbank0                                     bank0        00000
__Lbank1                                     bank1        00000
__Lbank10                                    bank10       00000
__Lbank11                                    bank11       00000
__Lbank12                                    bank12       00000
__Lbank13                                    bank13       00000
__Lbank14                                    bank14       00000
__Lbank15                                    bank15       00000
__Lbank16                                    bank16       00000
__Lbank17                                    bank17       00000
__Lbank18                                    bank18       00000
__Lbank19                                    bank19       00000
__Lbank2                                     bank2        00000
__Lbank20                                    bank20       00000
__Lbank21                                    bank21       00000
__Lbank22                                    bank22       00000
__Lbank23                                    bank23       00000
__Lbank24                                    bank24       00000
__Lbank25                                    bank25       00000
__Lbank26                                    bank26       00000
__Lbank27                                    bank27       00000
__Lbank28                                    bank28       00000
__Lbank29                                    bank29       00000
__Lbank3                                     bank3        00000
__Lbank30                                    bank30       00000
__Lbank31                                    bank31       00000
__Lbank4                                     bank4        00000
__Lbank5                                     bank5        00000
__Lbank6                                     bank6        00000
__Lbank7                                     bank7        00000
__Lbank8                                     bank8        00000
__Lbank9                                     bank9        00000
__Lbigram                                    bigram       00000
__LbssBANK0                                  bssBANK0     00000
__LbssCOMMON                                 bssCOMMON    00000
__Lcinit                                     cinit        00027
__Lclrtext                                   clrtext      00000
__Lcode                                      code         00000
__Lcommon                                    common       00000
__Lconfig                                    config       00000
__LcstackBANK0                               cstackBANK0  00000
__LcstackCOMMON                              cstackCOMMON 00000
__LdataBANK0                                 dataBANK0    00000
__Leeprom_data                               eeprom_data  00000
__Lend_init                                  end_init     00025
__Lfunctab                                   functab      00000
__Lheap                                      heap         00000
__LidataBANK0                                idataBANK0   00000
__Linit                                      init         00025
__Lintentry                                  intentry     00004
__Lmaintext                                  maintext     00000
__LnvBANK0                                   nvBANK0      00000
__Lpowerup                                   powerup      00000
__Lram                                       ram          00000
__Lreset_vec                                 reset_vec    00000
__Lsfr0                                      sfr0         00000
__Lsfr1                                      sfr1         00000
__Lsfr10                                     sfr10        00000
__Lsfr11                                     sfr11        00000
__Lsfr12                                     sfr12        00000
__Lsfr13                                     sfr13        00000
__Lsfr14                                     sfr14        00000
__Lsfr15                                     sfr15        00000
__Lsfr16                                     sfr16        00000
__Lsfr17                                     sfr17        00000
__Lsfr18                                     sfr18        00000
__Lsfr19                                     sfr19        00000
__Lsfr2                                      sfr2         00000
__Lsfr20                                     sfr20        00000
__Lsfr21                                     sfr21        00000
__Lsfr22                                     sfr22        00000
__Lsfr23                                     sfr23        00000
__Lsfr24                                     sfr24        00000
__Lsfr25                                     sfr25        00000
__Lsfr26                                     sfr26        00000
__Lsfr27                                     sfr27        00000
__Lsfr28                                     sfr28        00000
__Lsfr29                                     sfr29        00000
__Lsfr3                                      sfr3         00000
__Lsfr30                                     sfr30        00000
__Lsfr31                                     sfr31        00000
__Lsfr4                                      sfr4         00000
__Lsfr5                                      sfr5         00000
__Lsfr6                                      sfr6         00000
__Lsfr7                                      sfr7         00000
__Lsfr8                                      sfr8         00000
__Lsfr9                                      sfr9         00000
__Lsivt                                      sivt         00025
__Lspace_0                                   (abs)        00000
__Lspace_1                                   (abs)        00000
__Lspace_2                                   (abs)        00000
__Lspace_3                                   (abs)        00000
__Lspace_4                                   (abs)        00000
__Lstack                                     stack        00000
__Lstrings                                   strings      00000
__Ltext                                      text         00000
__S0                                         (abs)        004AA
__S1                                         (abs)        0007E
__S3                                         (abs)        00000
___heap_hi                                   (abs)        00000
___heap_lo                                   (abs)        00000
___int_sp                                    stack        00000
___int_stack_hi                              stack        00000
___int_stack_lo                              stack        00000
___latbits                                   (abs)        00002
___lmul                                      text10       002C0
___lmul@multiplicand                         cstackBANK0  00029
___lmul@multiplier                           cstackBANK0  00025
___lmul@product                              cstackBANK0  0002D
___sp                                        stack        00000
___stack_hi                                  stack        00000
___stack_lo                                  stack        00000
___stackhi                                   (abs)        00000
___stacklo                                   (abs)        00000
__end_of_ADC_ISR                             text27       004A9
__end_of_ADC_Initialize                      text20       00456
__end_of_CLOCK_Initialize                    text19       0048B
__end_of_DATA_IN_DefaultInterruptHandler     text24       004AA
__end_of_DATA_IN_ISR                         text23       00465
__end_of_DATA_IN_SetInterruptHandler         text16       00497
__end_of_INTERRUPT_Initialize                text17       00471
__end_of_INTERRUPT_InterruptManager          intentry     00025
__end_of_INT_SetInterruptHandler             text18       0049D
__end_of_PIN_MANAGER_IOC                     text22       00483
__end_of_PIN_MANAGER_Initialize              text15       00351
__end_of_SYSTEM_Initialize                   text13       00446
__end_of_TMR1_Initialize                     text14       00422
__end_of___lmul                              text10       002F4
__end_of__initialization                     cinit        00040
__end_of_apply_mode_select                   text12       00399
__end_of_convert_adc_to_pulse_usec           text9        002C0
__end_of_eeprom_read                         text11       0047A
__end_of_eeprom_write                        text8        00436
__end_of_main                                maintext     00111
__end_of_process_command                     text6        001CF
__end_of_protocol_on_bus_change              text25       00269
__end_of_read_adc_rb1                        text7        0040C
__end_of_reset_sequencers                    text5        004A2
__end_of_send_pulse                          text3        00326
__end_of_send_response_phase                 text1        003F3
__end_of_send_type_bits                      text2        00378
__end_of_tmr1_ticks                          text4        003B8
__end_ofi1_tmr1_ticks                        text26       003D7
__initialization                             cinit        00027
__pbssBANK0                                  bssBANK0     00042
__pbssCOMMON                                 bssCOMMON    0007D
__pcstackBANK0                               cstackBANK0  00020
__pcstackCOMMON                              cstackCOMMON 00070
__pdataBANK0                                 dataBANK0    0005E
__pidataBANK0                                idataBANK0   004A2
__pintentry                                  intentry     00004
__pmaintext                                  maintext     00044
__pnvBANK0                                   nvBANK0      00056
__ptext1                                     text1        003D7
__ptext10                                    text10       002C0
__ptext11                                    text11       00471
__ptext12                                    text12       00378
__ptext13                                    text13       00436
__ptext14                                    text14       0040C
__ptext15                                    text15       00326
__ptext16                                    text16       00491
__ptext17                                    text17       00465
__ptext18                                    text18       00497
__ptext19                                    text19       00483
__ptext2                                     text2        00351
__ptext20                                    text20       00446
__ptext22                                    text22       0047A
__ptext23                                    text23       00456
__ptext24                                    text24       004A9
__ptext25                                    text25       001CF
__ptext26                                    text26       003B8
__ptext27                                    text27       004A6
__ptext3                                     text3        002F4
__ptext4                                     text4        00399
__ptext5                                     text5        0049D
__ptext6                                     text6        00111
__ptext7                                     text7        003F3
__ptext8                                     text8        00422
__ptext9                                     text9        00269
_activate_counter                            bssBANK0     0004C
_apply_mode_select                           text12       00378
_bit_count                                   dataBANK0    00061
_cmd_ready                                   bssBANK0     00055
_convert_adc_to_pulse_usec                   text9        00269
_eeprom_read                                 text11       00471
_eeprom_write                                text8        00422
_in_response                                 bssBANK0     00052
_main                                        maintext     00044
_my_address                                  dataBANK0    00060
_new_address                                 bssCOMMON    0007D
_prev_ticks                                  bssBANK0     00048
_process_command                             text6        00111
_protocol_on_bus_change                      text25       001CF
_read_adc_rb1                                text7        003F3
_reset_counter                               bssBANK0     0004D
_reset_sequencers                            text5        0049D
_resp_armed                                  bssBANK0     00051
_resp_phase                                  bssBANK0     00050
_resp_pull_us                                dataBANK0    0005E
_resp_request                                bssBANK0     0004F
_rx_addr                                     bssBANK0     00053
_rx_buffer                                   bssBANK0     00042
_rx_mode                                     bssBANK0     00054
_send_pulse                                  text3        002F4
_send_response_phase                         text1        003D7
_send_type_bits                              text2        00351
_set_addr_state                              bssBANK0     0004E
_timer1ReloadVal                             bssBANK0     0004A
_tmr1_ticks                                  text4        00399
apply_mode_select@sel                        cstackBANK0  00028
btemp                                        (abs)        0007E
btemp0                                       (abs)        0007E
btemp1                                       (abs)        0007F
clear_ram0                                   clrtext      0048B
convert_adc_to_pulse_usec@_pulse_width       cstackBANK0  00037
convert_adc_to_pulse_usec@adc_val            cstackBANK0  00031
convert_adc_to_pulse_usec@adc_val_mvolts     cstackBANK0  00039
eeprom_read@addr                             cstackBANK0  00025
eeprom_write@addr                            cstackBANK0  00026
eeprom_write@data                            cstackBANK0  00025
end_of_initialization                        cinit        00040
i1_tmr1_ticks                                text26       003B8
i1tmr1_ticks@hi                              cstackCOMMON 00078
i1tmr1_ticks@lo                              cstackCOMMON 00077
int$flags                                    (abs)        0007E
intlevel0                                    functab      00000
intlevel1                                    functab      00000
intlevel2                                    functab      00000
intlevel3                                    functab      00000
intlevel4                                    functab      00000
intlevel5                                    functab      00000
ltemp0a                                      (abs)        00080
main@i                                       cstackBANK0  00041
main@idle_loops                              cstackBANK0  0003F
protocol_on_bus_change@bit                   cstackBANK0  00020
protocol_on_bus_change@cur                   cstackBANK0  00021
protocol_on_bus_change@delta                 cstackBANK0  00023
reset_vec                                    reset_vec    00000
send_pulse@t0                                cstackBANK0  00034
send_pulse@ticks                             cstackBANK0  00032
send_pulse@us                                cstackBANK0  0002E
send_response_phase@phase                    cstackBANK0  00036
send_type_bits@i                             cstackBANK0  00027
send_type_bits@type                          cstackBANK0  00026
start                                        init         00025
start_initialization                         cinit        00027
tmr1_ticks@hi                                cstackBANK0  0002D
tmr1_ticks@lo                                cstackBANK0  0002C
ttemp0a                                      (abs)        0007F
wtemp0                                       (abs)        0007E
wtemp0a                                      (abs)        0007F


MODULE INFORMATION

Module		Function		Class		Link	Load	Size
C:\Program Files\Microchip\xc8\v3.10\pic\sources\c99\common\Umul32.c
		___lmul        		CODE           	02C0	0000	52

C:\Program Files\Microchip\xc8\v3.10\pic\sources\c99\common\Umul32.c estimated size: 52

mcc_generated_files/timer/src/tmr1.c
		_TMR1_Initialize		CODE           	040C	0000	22

mcc_generated_files/timer/src/tmr1.c estimated size: 22

mcc_generated_files/system/src/interrupt.c
		_INT_SetInterruptHandler		CODE           	0497	0000	6
		_INTERRUPT_Initialize		CODE           	0465	0000	12
		_INTERRUPT_InterruptManager		CODE           	0004	0000	33

mcc_generated_files/system/src/interrupt.c estimated size: 51

mcc_generated_files/adc/src/adc.c
		_ADC_Initialize		CODE           	0446	0000	16
		_ADC_ISR       		CODE           	04A6	0000	3

mcc_generated_files/adc/src/adc.c estimated size: 19

mcc_generated_files/system/src/pins.c
		_PIN_MANAGER_Initialize		CODE           	0326	0000	43
		_DATA_IN_ISR   		CODE           	0456	0000	15
		_PIN_MANAGER_IOC		CODE           	047A	0000	9
		_DATA_IN_SetInterruptHandler		CODE           	0491	0000	6
		_DATA_IN_DefaultInterruptHandler		CODE           	04A9	0000	1

mcc_generated_files/system/src/pins.c estimated size: 74

shared
		__initialization		CODE           	0027	0000	25
		i1_tmr1_ticks  		CODE           	03B8	0000	31

shared estimated size: 56

mcc_generated_files/system/src/clock.c
		_CLOCK_Initialize		CODE           	0483	0000	8

mcc_generated_files/system/src/clock.c estimated size: 8

main.c
		_reset_sequencers		CODE           	049D	0000	5
		_send_pulse    		CODE           	02F4	0000	50
		_tmr1_ticks    		CODE           	0399	0000	31
		_main          		CODE           	0044	0000	205
		_apply_mode_select		CODE           	0378	0000	33
		_protocol_on_bus_change		CODE           	01CF	0000	154
		_send_type_bits		CODE           	0351	0000	39
		_process_command		CODE           	0111	0000	190
		_read_adc_rb1  		CODE           	03F3	0000	25
		_send_response_phase		CODE           	03D7	0000	28
		_convert_adc_to_pulse_usec		CODE           	0269	0000	87
		_eeprom_read   		CODE           	0471	0000	9
		_eeprom_write  		CODE           	0422	0000	20

main.c estimated size: 876

mcc_generated_files/system/src/system.c
		_SYSTEM_Initialize		CODE           	0436	0000	16

mcc_generated_files/system/src/system.c estimated size: 16

